2026-09-23 21:43:59.754 INFO   Freerouting v2.4.1 (build-date: 2026-09-03)
2026-09-23 21:43:59.796 WARN   Couldn't get screen resolution. If you are running in a headless environment, disable the GUI by setting gui.enabled to false.
2026-09-23 21:44:01.127 INFO   [5F9B51\97E86D] Loading board file 'bay-card-lite.dsn'...
2026-09-23 21:44:01.209 WARN   Power-plane validation failed:
- Dedicated power layer 'In2.Cu' has overlapping conduction areas: Area (ID 5, Net(s): [+12V]) and Area (ID 4, Net(s): [5V_HDD]) overlap.

Proper Definition and Best Practices for Power Planes:
1. What Belongs on a Power Plane:
   - Solid Copper Pours: A single, uninterrupted sheet of copper assigned to one voltage (e.g., +3.3V).
   - Split Planes: Multiple distinct voltage zones divided by thin isolation gaps (puzzle pieces).
   - Vias and Anti-Pads: Plated holes passing through the board, surrounded by circular voids (anti-pads) to prevent shorting.
   - Thermal Reliefs: Spoked connections for vias or pins that connect to the plane, facilitating soldering.
2. Why Signal Wires/Traces are Banned:
   - Destroyed Return Paths: High-speed signals on adjacent layers couple to the solid plane below/above as return paths. Crossing a trace gap detours return currents, causing severe EMI and signal integrity issues.
   - Compromised Power Delivery: Power planes should provide the lowest impedance path. Routing traces chops up the copper, creating bottleneck restrictions and voltage drops.

2026-09-23 21:44:01.217 INFO   [5F9B51\97E86D] Job '5F9B51\97E86D' started at 2026-09-24T01:44:01.217555055Z.
2026-09-23 21:44:01.485 INFO   [5F9B51\97E86D] Fanout stage started on board 'fa93aa03fcc3579777638ff6a576017d' with 76 of 197 SMD pins needing fanout (103 already connected, 18 netless).
2026-09-23 21:44:02.404 INFO   [5F9B51\97E86D] Fanout pass #1 on board '8a78c2270c7ce4e9c8d22962e954d2f3' completed in 0.79 seconds with 17 SMD pins fanouted, 9 not routed, 0 insert errors, +1 extra via (0 SMD pins still to check in pass, ripup costs=100).
2026-09-23 21:44:02.955 INFO   [5F9B51\97E86D] Fanout pass #2 on board '8a78c2270c7ce4e9c8d22962e954d2f3' completed in 0.54 seconds with 16 SMD pins fanouted, 9 not routed, 0 insert errors, +0 extra vias (0 SMD pins still to check in pass, ripup costs=200).
2026-09-23 21:44:03.078 INFO   [5F9B51\97E86D] Fanout stage completed: started with 179 total SMD pins, completed in 1.48 seconds, escaped pins: 169/179 (94.4%), using 1.75 total CPU seconds, 11.56 GB total allocated, and 784.7 MB peak heap usage.
2026-09-23 21:44:03.095 INFO   [5F9B51\97E86D] Auto-routing stage started on board '8a78c2270c7ce4e9c8d22962e954d2f3' for 19 unrouted items.
2026-09-23 21:44:05.917 INFO   [5F9B51\97E86D] Auto-routing pass #1 on board '8a78c2270c7ce4e9c8d22962e954d2f3' was completed in 2.54 seconds with score 810.95 (18 unrouted and 48 violations), using 3.94 CPU seconds and the job allocated 29.60 GB of memory so far.
2026-09-23 21:44:08.533 INFO   [5F9B51\97E86D] Auto-routing pass #2 on board 'e597036e53ce32f2e5c7a51476bd657e' was completed in 2.33 seconds with score 810.95 (18 unrouted and 48 violations), using 6.92 CPU seconds and the job allocated 55.54 GB of memory so far.
2026-09-23 21:44:11.221 INFO   [5F9B51\97E86D] Auto-routing pass #3 on board 'd6c919cf44a372a4ac347cb8c0e6ccdf' was completed in 2.41 seconds with score 804.10 (19 unrouted and 48 violations), using 8.91 CPU seconds and the job allocated 73.75 GB of memory so far.
2026-09-23 21:44:13.708 INFO   [5F9B51\97E86D] Auto-routing pass #4 on board '3dc4ac07a381abdfa18781d20ea388eb' was completed in 2.20 seconds with score 804.10 (19 unrouted and 48 violations), using 11.88 CPU seconds and the job allocated 100.52 GB of memory so far.
2026-09-23 21:44:16.132 INFO   [5F9B51\97E86D] Auto-routing pass #5 on board '3dc4ac07a381abdfa18781d20ea388eb' was completed in 2.28 seconds with score 804.10 (19 unrouted and 48 violations), using 13.87 CPU seconds and the job allocated 118.80 GB of memory so far.
2026-09-23 21:44:18.515 INFO   [5F9B51\97E86D] Auto-routing pass #6 on board '3dc4ac07a381abdfa18781d20ea388eb' was completed in 2.23 seconds with score 804.10 (19 unrouted and 48 violations), using 16.85 CPU seconds and the job allocated 145.60 GB of memory so far.
2026-09-23 21:44:20.907 INFO   [5F9B51\97E86D] Auto-routing pass #7 on board '3dc4ac07a381abdfa18781d20ea388eb' was completed in 2.24 seconds with score 804.10 (19 unrouted and 48 violations), using 18.82 CPU seconds and the job allocated 163.39 GB of memory so far.
2026-09-23 21:44:23.336 INFO   [5F9B51\97E86D] Auto-routing pass #8 on board '3dc4ac07a381abdfa18781d20ea388eb' was completed in 2.28 seconds with score 804.10 (19 unrouted and 48 violations), using 21.80 CPU seconds and the job allocated 190.36 GB of memory so far.
2026-09-23 21:44:25.827 INFO   [5F9B51\97E86D] Auto-routing pass #9 on board '3dc4ac07a381abdfa18781d20ea388eb' was completed in 2.34 seconds with score 804.10 (19 unrouted and 48 violations), using 23.79 CPU seconds and the job allocated 207.45 GB of memory so far.
2026-09-23 21:44:28.267 INFO   [5F9B51\97E86D] Auto-routing pass #10 on board '3dc4ac07a381abdfa18781d20ea388eb' was completed in 2.29 seconds with score 804.10 (19 unrouted and 48 violations), using 26.76 CPU seconds and the job allocated 234.08 GB of memory so far.
2026-09-23 21:44:30.719 INFO   [5F9B51\97E86D] Auto-routing pass #11 on board '3dc4ac07a381abdfa18781d20ea388eb' was completed in 2.30 seconds with score 804.10 (19 unrouted and 48 violations), using 28.75 CPU seconds and the job allocated 251.71 GB of memory so far.
2026-09-23 21:44:33.609 INFO   [5F9B51\97E86D] Auto-routing pass #12 on board 'e2951586bd038655fa649504ae46cb29' was completed in 2.45 seconds with score 810.95 (18 unrouted and 48 violations), using 31.72 CPU seconds and the job allocated 277.73 GB of memory so far.
2026-09-23 21:44:33.897 INFO   [5F9B51\97E86D] Auto-routing stage completed: started with 20 unrouted nets, completed in 32.51 seconds, final score: 810.95 (18 unrouted and 48 violations), using 31.72 total CPU seconds, 277.73 GB total allocated, and 1050.0 MB peak heap usage.
2026-09-23 21:44:34.032 INFO   [5F9B51\97E86D] Optimization stage started on board '972179377c658f581287ba0cfc2323ef' with score 810.95 (18 unrouted and 48 violations).
2026-09-23 21:44:35.546 INFO   [5F9B51\97E86D] Optimizer pass #1 on board '814fae371f08e671a0892812012949e4' was completed in 1.10 seconds with the score of 810.95 (18 unrouted and 48 violations).
2026-09-23 21:44:35.681 INFO   [5F9B51\97E86D] Stopping optimizer because the improvement in this pass (0.0000%) is below the threshold (1.00%).
2026-09-23 21:44:35.815 INFO   [5F9B51\97E86D] Optimization stage completed: started with score 810.95 (18 unrouted and 48 violations), completed in 1.65 seconds, final score: 810.95 (18 unrouted and 48 violations), using 1.64 total CPU seconds, 14.87 GB total allocated, and 1015.9 MB peak heap usage.
2026-09-23 21:44:35.819 INFO   [5F9B51\97E86D] Job '5F9B51\97E86D' finished with state: COMPLETED (elapsed: 34.60 seconds, finished at UTC: 2026-09-24T01:44:35.818636101Z).
2026-09-23 21:44:35.898 INFO   Saving output file '/home/dmz/workspace/brain-drain/hardware/bay-card/routing/bay-card-lite.ses' (SES)...
2026-09-23 21:44:35.899 INFO   Successfully saved output file '/home/dmz/workspace/brain-drain/hardware/bay-card/routing/bay-card-lite.ses' (4395 bytes).
